// Jest Snapshot v1, https://goo.gl/fbAQLP

exports[`gets created with designers matches the snapshot 1`] = `
<div
  className="horizontal-list padding-vertical-regular"
>
  <article
    className="designer"
  >
    <div>
      <img
        alt="Mario Gil's portrait"
        className="designer-portrait"
        src=""
      />
      <h2
        className="designer-name"
      >
        Mario Gil
      </h2>
      <h3
        className="designer-title"
      >
        UX designer
      </h3>
      <p
        className="designer-bio"
      >
        Mexican Engineer
      </p>
    </div>
    <footer
      className="designer-info"
    >
      <span>
        ðŸ›µ
      </span>
      <a
        className="designer-link margin-right-regular"
      >
        Site
      </a>
      <span>
        ðŸ›µ
      </span>
      <a
        className="designer-link"
      >
        Contact
      </a>
    </footer>
  </article>
  <article
    className="designer"
  >
    <div>
      <img
        alt="Chankrisna Visna's portrait"
        className="designer-portrait"
        src=""
      />
      <h2
        className="designer-name"
      >
        Chankrisna Visna
      </h2>
      <h3
        className="designer-title"
      >
        Chatbot Script Designer
      </h3>
      <p
        className="designer-bio"
      >
        I decide what the internet robots speak like
      </p>
    </div>
    <footer
      className="designer-info"
    >
      <span>
        ðŸ›µ
      </span>
      <a
        className="designer-link margin-right-regular"
      >
        Site
      </a>
      <span>
        ðŸ›µ
      </span>
      <a
        className="designer-link"
      >
        Contact
      </a>
    </footer>
  </article>
</div>
`;

exports[`gets created without designers matches the snapshot 1`] = `
<div
  className="horizontal-list padding-vertical-regular"
/>
`;
