// Jest Snapshot v1, https://goo.gl/fbAQLP

exports[`gets created matches the snapshot 1`] = `
<header
  className="margin-bottom-regular position-relative"
>
  <img
    alt="Designers of Vietnam"
    className="title-image"
    src="title.svg"
  />
  <a
    className="header-link margin-right-large"
    href="/about"
    onClick={[Function]}
  >
    <span>
      ğŸ‡»ğŸ‡³
    </span>
  </a>
  <a
    className="header-link"
  >
    <span>
      ğŸ›µ
    </span>
  </a>
</header>
`;
